---
source: tests/suite/check.rs
assertion_line: 35
expression: Snapshot(context)
---
Error: Semantic error
   ╭─[tests/check/bad_equality_array_depth.xi:4:20]
   │
 4 │     c: bool = a == b
   ·               ┬    ┬  
   ·               ╰─────── Expected int[][] because of this
   ·                    │  
   ·                    ╰── Expected int[][] but found int[][][][]
───╯

