---
source: tests/suite/check.rs
assertion_line: 35
expression: Snapshot(context)
---
Error: Semantic error
   ╭─[tests/check/bad_null_3.xi:6:14]
   │
 6 │     a: A[] = {null, new B}
   ·     ───┬──   ──────┬──────  
   ·        ╰──────────────────── Expected A[] because of this
   ·                    │        
   ·                    ╰──────── Expected A[] but found B[]
───╯

