---
source: tests/suite/check.rs
assertion_line: 35
expression: Snapshot(context)
---
Error: Semantic error
   ╭─[tests/check/bad_multiarray_1.xi:2:17]
   │
 2 │     x:int[][] = {1,2,3}
   ·     ────┬────   ───┬───  
   ·         ╰──────────────── Expected int[][] because of this
   ·                    │     
   ·                    ╰───── Expected int[][] but found int[]
───╯

