---
source: tests/suite/analyze.rs
assertion_line: 404
expression: copy_propagation
---

     overwritten_tree

+--------------------------+
|          enter:          |
| {}                       |
| mov _a, _b               |
| {_a: _b}                 |
| mov _c, _a               |
| {_a: _b, _c: _a}         |
| mov _d, _a               |
| {_a: _b, _c: _a, _d: _a} |
| mov _b, 1                |
| {}                       |
| jmp exit                 |
| {}                       |
+--------------------------+
  |
  |
  v
+--------------------------+
|          exit:           |
| {}                       |
| ret                      |
| {}                       |
+--------------------------+

