---
source: tests/suite/check.rs
assertion_line: 35
expression: Snapshot(context)
---
Error: Semantic error
   ╭─[tests/check/bad_array_2.xi:2:16]
   │
 2 │     x:bool[] = false
   ·     ────┬───   ──┬──  
   ·         ╰───────────── Expected bool[] because of this
   ·                  │    
   ·                  ╰──── Expected bool[] but found bool
───╯

