---
source: tests/suite/parse.rs
assertion_line: 36
expression: Snapshot(program)
---
Error: Syntactic error
   ╭─[tests/parse/group-of-anonymous08-01-4.xi:2:5]
   │
 2 │     x:int[3] = {1, 2, 3} // Will fail because can't initialize indexed array
   ·     ────┬───  
   ·         ╰───── Unexpected length in array type
───╯

