---
source: tests/suite/check.rs
assertion_line: 35
expression: Snapshot(context)
---
Error: Semantic error
   ╭─[tests/check/bad_assign_new_1.xi:2:11]
   │
 2 │     x:B = new A
   ·     ─┬─   ──┬──  
   ·      ╰─────────── Expected B because of this
   ·             │    
   ·             ╰──── Expected B but found A
───╯

