---
source: tests/suite/check.rs
assertion_line: 35
expression: Snapshot(context)
---
Error: Semantic error
   ╭─[tests/check/bad_use_conflict.xi:3:1]
   │
 3 │ foo(x:int) : int {
   · ─┬─  
   ·  ╰─── Implementation does not match signature
   │
   ├─[tests/check/bar.ixi:1:1]
   │
 1 │ foo(x:int) : int, int
   · ─┬─  
   ·  ╰─── Signature definition here
───╯

