---
source: tests/suite/analyze/copy_propagation.rs
assertion_line: 90
expression: copy_propagation(function)
---

    partially_overwritten_tree

+----------------------------------+
|              enter:              |
| {}                               |
| mov _a, _b                       |
| {_a: _b}                         |
| mov _d, _a                       |
| {_a: _b, _d: _a}                 |
| mov _c, _b                       |
| {_a: _b, _d: _a, _c: _b}         |
| mov _e, _c                       |
| {_a: _b, _d: _a, _c: _b, _e: _c} |
| mov _a, 1                        |
| {_e: _c, _c: _b}                 |
| jmp exit                         |
| {_e: _c, _c: _b}                 |
+----------------------------------+
  |
  |
  v
+----------------------------------+
|              exit:               |
| {_e: _c, _c: _b}                 |
| ret                              |
| {_e: _c, _c: _b}                 |
+----------------------------------+

