---
source: tests/suite/analyze/partial_redundancy_elimination.rs
assertion_line: 138
expression: used
---

                      call_argument

+---------------------------------------------------------+
|                         enter:                          |
| {}                                                      |
| (EXP (CALL (NAME black_box) (ADD (CONST 1) (CONST 2)))) |
| {}                                                      |
| (JUMP exit)                                             |
| {}                                                      |
+---------------------------------------------------------+
  |
  |
  v
+---------------------------------------------------------+
|                          exit:                          |
| {}                                                      |
+---------------------------------------------------------+

