---
source: tests/suite/analyze/live_variables.rs
assertion_line: 206
expression: live_ranges
---
rsp          enter:
┊              mov _x, 1
┊   _x         mov _y, 2
┊   ●   _y     add _y, _x
┊       ●      mov rax, _y
┊       rax    cqo
┊   rdx D      idiv 2
┊              mov _x, rax
┊              add _x, 1
┊              add _x, _y
┊              jmp exit
┊            exit:
D              ret

