---
source: tests/suite/analyze/constant_propagation.rs
assertion_line: 60
expression: constant_propagation(function)
---

      propagate_mod

+-------------------------+
|         enter:          |
| {}                      |
| mov _a, 5               |
| {_a: 5}                 |
| mov rax, 3              |
| {_a: 5, rax: 3}         |
| cqo                     |
| {_a: 5, rax: 3, rdx: 0} |
| idiv _a                 |
| {_a: 5, rax: 0, rdx: 3} |
| jmp exit                |
| {_a: 5, rax: 0, rdx: 3} |
+-------------------------+
  |
  |
  v
+-------------------------+
|          exit:          |
| {_a: 5, rax: 0, rdx: 3} |
| ret                     |
| {_a: 5, rax: 0, rdx: 3} |
+-------------------------+

