---
source: tests/suite/analyze/lazy_code_motion.rs
assertion_line: 71
expression: earliest
---

                               basic_loop


  +-------------------------------------------------------------------+
  |                                                                   |
  |                   +--------------------------------------------+  |
  |                   |                   enter:                   |  |
  |                   | {}                                         |  |
  |                   | (MOVE (TEMP _a) (CONST 0))                 |  |
  |                   | {(ADD (TEMP _a) (TEMP _b))}                |  |
  |                   | (JUMP r#loop)                              |  |
  |                   | {}                                         |  |
  |                   +--------------------------------------------+  |
  |                     |                                             |
  |                     |                                             |
  |                     v                                             |
+---------------+     +--------------------------------------------+  |
|               |     |                  r#loop:                   |  |
|    split:     |     | {}                                         |  |
| {}            |     | (MOVE (TEMP _c) (ADD (TEMP _a) (TEMP _b))) |  |
| (JUMP r#loop) |     | {}                                         |  |
| {}            |     | (CJUMP (EQ (CONST 0) (CONST 0)) split)     |  |
|               | <-- | {}                                         | <+
+---------------+     +--------------------------------------------+
                        |
                        |
                        v
                      +--------------------------------------------+
                      |                fallthrough:                |
                      | {}                                         |
                      | (JUMP exit)                                |
                      | {}                                         |
                      +--------------------------------------------+
                        |
                        |
                        v
                      +--------------------------------------------+
                      |                   exit:                    |
                      | {}                                         |
                      +--------------------------------------------+

