---
source: tests/suite/analyze/live_variables.rs
assertion_line: 93
expression: live_variables
---

clobber_across_div_mod

+---------------------+
|       enter:        |
| {rsp}               |
| mov _x, 1           |
| {rsp, _x}           |
| mov _y, 2           |
| {rsp, _y, _x}       |
| mov rax, _x         |
| {rsp, _y, rax}      |
| cqo                 |
| {rsp, _y, rax, rdx} |
| idiv 1              |
| {rsp, _y, rax}      |
| cqo                 |
| {rsp, _y, rax, rdx} |
| idiv 10             |
| {rsp, rdx, _y}      |
| mov rax, _y         |
| {rax, rdx, rsp}     |
| jmp exit            |
| {rax, rdx, rsp}     |
+---------------------+
  |
  |
  v
+---------------------+
|        exit:        |
| {rax, rdx, rsp}     |
| ret                 |
| {}                  |
+---------------------+

