---
source: tests/suite/analyze/live_variables.rs
assertion_line: 213
expression: live_ranges
---
rsp          enter:
|              mov _x, 1
|   _x         mov _y, 2
|   ●   _y     cmp _x, _y
|              add _x, 1
|              je exit
|            fallthrough:
|              add _y, 1
|            exit:
●              ret

