---
source: tests/suite/analyze/copy_propagation.rs
assertion_line: 68
expression: copy_propagation
---

     defined_twice_identical

+--------------+     +------------+
|              |     |   enter:   |
| fallthrough: |     | {}         |
| {_c: _a}     |     | cmp _a, _b |
| mov _a, _b   |     | {}         |
| {_a: _b}     |     | mov _c, _a |
| jmp exit     |     | {_c: _a}   |
| {_a: _b}     |     | jne branch |
|              | <-- | {_c: _a}   |
+--------------+     +------------+
  |                    |
  |                    |
  |                    v
  |                  +------------+
  |                  |  branch:   |
  |                  | {_c: _a}   |
  |                  | mov _a, _b |
  |                  | {_a: _b}   |
  |                  | jmp exit   |
  |                  | {_a: _b}   |
  |                  +------------+
  |                    |
  |                    |
  |                    v
  |                  +------------+
  |                  |   exit:    |
  |                  | {_a: _b}   |
  |                  | ret        |
  +----------------> | {_a: _b}   |
                     +------------+

