---
source: tests/suite/analyze/live_variables.rs
assertion_line: 303
expression: live_ranges
---
_b  _a  rsp  enter:
|   |   |      jne branch
|   |   |    fallthrough:
|   |   |      mov _d, _c
●   |   |      mov rax, _b
rax |   |      jmp exit
|   |   |    branch:
|   |   |      mov _c, _d
|   ●   |      mov rax, _a
|       |    exit:
●       ●      ret

