---
source: tests/suite/analyze/live_variables.rs
assertion_line: 198
expression: live_variables
---

 everything_is_meaningless_except_call

          +-----------------+
          |     enter:      |
          | {rsp}           |
          | mov _x, 1       |
          | {rsp, _x}       |
          | mov _y, 2       |
          | {rsp, _y, _x}   |
          | add _x, _y      |
          | {rsp, _y, _x}   |
          | add _y, _x      |
          | {rsp, _y, _x}   |
          | mov rdi, _x     |
          | {rsp, rdi, _y}  |
          | mov rsi, _y     |
          | {rsp, rdi, rsi} |
          | call black_box  |
          | {rsp}           |
          | add _x, _y      |
          | {rsp}           |
          | add _y, _x      |
          | {rsp}           |
          | jmp exit        |
          | {rsp}           |
          +-----------------+
            |
            |
            v
          +-----------------+
          |      exit:      |
          | {rsp}           |
          | ret             |
          | {}              |
          +-----------------+

