---
source: tests/suite/analyze/live_variables.rs
assertion_line: 61
expression: live_variables
---

  clobber_across_div

+---------------------+
|       enter:        |
| {rsp}               |
| mov _x, 1           |
| {_x, rsp}           |
| mov _y, 2           |
| {_y, rsp, _x}       |
| mov rax, _x         |
| {rax, rsp, _y}      |
| cqo                 |
| {rax, rsp, _y, rdx} |
| idiv 5              |
| {rax, rsp, _y}      |
| mov rdx, _y         |
| {rax, rdx, rsp}     |
| jmp exit            |
| {rax, rdx, rsp}     |
+---------------------+
  |
  |
  v
+---------------------+
|        exit:        |
| {rax, rdx, rsp}     |
| ret                 |
| {}                  |
+---------------------+

