---
source: tests/analyze.rs
assertion_line: 169
expression: live_variables
---

 clobber_across_mul_hul

   +-----------------+
   |     enter:      |
   | {rsp}           |
   | mov _x, 1       |
   | {rsp, _x}       |
   | mov _y, 2       |
   | {rsp, _x, _y}   |
   | mov rax, _x     |
   | {rax, rsp, _y}  |
   | imul 3          |
   | {rax, rsp, _y}  |
   | imul 4          |
   | {rdx, rsp, _y}  |
   | mov rax, _y     |
   | {rax, rdx, rsp} |
   | jmp exit        |
   | {rax, rdx, rsp} |
   +-----------------+
     |
     |
     v
   +-----------------+
   |      exit:      |
   | {rax, rdx, rsp} |
   | ret             |
   | {}              |
   +-----------------+

