---
source: tests/analyze.rs
assertion_line: 221
expression: live_variables
---

 everything_is_meaningless_except_call

          +-----------------+
          |     enter:      |
          | {rsp}           |
          | mov _x, 1       |
          | {rsp, _x}       |
          | mov _y, 2       |
          | {rsp, _x, _y}   |
          | add _x, _y      |
          | {rsp, _x, _y}   |
          | add _y, _x      |
          | {rsp, _x, _y}   |
          | mov rdi, _x     |
          | {rsp, rdi, _y}  |
          | mov rsi, _y     |
          | {rsp, rsi, rdi} |
          | call black_box  |
          | {rsp}           |
          | add _x, _y      |
          | {rsp}           |
          | add _y, _x      |
          | {rsp}           |
          | mov _y, rax     |
          | {rsp}           |
          | imul _x         |
          | {rsp}           |
          | mov _x, rax     |
          | {rsp}           |
          | jmp exit        |
          | {rsp}           |
          +-----------------+
            |
            |
            v
          +-----------------+
          |      exit:      |
          | {rsp}           |
          | ret             |
          | {}              |
          +-----------------+

