---
source: tests/analyze.rs
assertion_line: 76
expression: "String::from_utf8(output.stdout).unwrap()"
---

    test_mov_unit

+ - - - - - - - - - - +
'  test_mov_function  '
'                     '
' +-----------------+ '
' |     enter0:     | '
' | {}              | '
' | mov _x, 1       | '
' | {_x}            | '
' | mov _y, 2       | '
' | {_x, _y}        | '
' | mov _z, _x      | '
' | {_y}            | '
' | add _z, _y      | '
' | {}              | '
' | mov _z, 7       | '
' | {_z}            | '
' | mov _x, _z      | '
' | {_x}            | '
' | call _x         | '
' | {}              | '
' | jmp exit1       | '
' | {}              | '
' +-----------------+ '
'   |                 '
'   |                 '
'   v                 '
' +-----------------+ '
' |     exit1:      | '
' | {}              | '
' | ret             | '
' | {}              | '
' +-----------------+ '
'                     '
+ - - - - - - - - - - +

