---
source: tests/analyze.rs
assertion_line: 76
expression: "String::from_utf8(output.stdout).unwrap()"
---

                      test_mov_unit

+ - - - - - - - - - - - - - - - - - - - - - - - - - - - - +
'                    test_mov_function                    '
'                                                         '
' +-----------------------------------------------------+ '
' |                       enter0:                       | '
' | {rax, rcx, rdx, rsi, rdi, r8, r9, r10, r11}         | '
' | mov _x, 1                                           | '
' | {rax, rcx, rdx, rsi, rdi, r8, r9, r10, r11, _x}     | '
' | mov _y, 2                                           | '
' | {rax, rcx, rdx, rsi, rdi, r8, r9, r10, r11, _x, _y} | '
' | mov _z, _x                                          | '
' | {rax, rcx, rdx, rsi, rdi, r8, r9, r10, r11, _y}     | '
' | add _z, _y                                          | '
' | {rax, rcx, rdx, rsi, rdi, r8, r9, r10, r11}         | '
' | mov _z, 7                                           | '
' | {rax, rcx, rdx, rsi, rdi, r8, r9, r10, r11, _z}     | '
' | mov _x, _z                                          | '
' | {rax, rcx, rdx, rsi, rdi, r8, r9, r10, r11, _x}     | '
' | call _x                                             | '
' | {}                                                  | '
' | jmp exit1                                           | '
' | {}                                                  | '
' +-----------------------------------------------------+ '
'   |                                                     '
'   |                                                     '
'   v                                                     '
' +-----------------------------------------------------+ '
' |                       exit1:                        | '
' | {}                                                  | '
' | ret                                                 | '
' | {}                                                  | '
' +-----------------------------------------------------+ '
'                                                         '
+ - - - - - - - - - - - - - - - - - - - - - - - - - - - - +

