---
source: tests/analyze.rs
assertion_line: 170
expression: live_ranges
---
rsp              enter:
┊                  mov _x, 1
┊   _x             mov _y, 2
┊   ●   _y         mov rax, _x
┊   rax ┊          imul 3
┊   ┊   ┊          imul 4
┊   ┊   R   rdx    mov rax, _y
┊   ┊       |      jmp exit
┊   ┊       |    exit:
R   R       ●      ret

