---
source: tests/analyze.rs
assertion_line: 137
expression: live_variables
---

clobber_across_hul

+-----------------+
|     enter:      |
| {rsp}           |
| mov _x, 1       |
| {rsp, _x}       |
| mov _y, 2       |
| {rsp, _x, _y}   |
| mov rax, _x     |
| {rax, rsp, _y}  |
| imul 5          |
| {rdx, rsp, _y}  |
| mov rax, _y     |
| {rax, rdx, rsp} |
| jmp exit        |
| {rax, rdx, rsp} |
+-----------------+
  |
  |
  v
+-----------------+
|      exit:      |
| {rax, rdx, rsp} |
| ret             |
| {}              |
+-----------------+

