---
source: tests/analyze.rs
assertion_line: 221
expression: live_ranges
---
rsp          enter:
┊            mov _x, 1
┊   _x       mov _y, 2
┊   |   _y   add _x, _y
┊   |   |    add _y, _x
┊   ●   |    mov rdi, _x
┊   rdi ●    mov rsi, _y
┊   ●   rsi  call black_box
┊            add _x, _y
┊            add _y, _x
┊            mov _y, rax
┊            imul _x
┊            mov _x, rax
┊            jmp exit
┊            exit:
C            ret

