---
source: tests/parse.rs
assertion_line: 29
expression: Snapshot(parsed)
---
(()
((f () () ())
    (f1
        ()
        ()
        ((if true (if true (f) (f)))
            (if true (if true (f) (if true (f) (f))))
            (if true (if true (f) (if true (f) (f))) (f))
            (if true (if true (f) (if true (f) (f))))
            (if true (f) (f))))))
